// Jest Snapshot v1, https://goo.gl/fbAQLP

exports[`renders 1`] = `
"<div className=\\"App\\">
  <h3>
    Header
  </h3>
  <ArticleViewer />
</div>"
`;
